SPARC|c:/My_Designs/SPARC/SPARC/src/MUX2.v_Adder.v_InstructionMemory.v_SignExtend.v_IUAdder.v_IULogical.v_IUMultiplier.v_rs_mul.v_datapath.v_shiftBy2.v_cache.v_cache_tb.v_memory.v_memory_tb.v_cdb.v_cdb_tb.v_current_instruction.v_register_status.v_register_status_tb.v_rs_add.v_rs_mul_tb.v_rs_mux.v_tomasulo_tb.v_Write_Back.v_Write_Back_TB.v|c:/My_Designs/SPARC/SPARC/compile/refresh.tmp|c:/My_Designs/SPARC/SPARC/compile/vcp_cmd.encr|1497991981.00
